Archive member included because of file (symbol)

c:/winavr-20100110/bin/../lib/gcc/avr/4.3.3/avr5\libgcc.a(_exit.o)
                              c:/winavr-20100110/bin/../lib/gcc/avr/4.3.3/../../../../avr/lib/avr5/crtm32.o (exit)
c:/winavr-20100110/bin/../lib/gcc/avr/4.3.3/avr5\libgcc.a(_copy_data.o)
                              main.o (__do_copy_data)
c:/winavr-20100110/bin/../lib/gcc/avr/4.3.3/avr5\libgcc.a(_clear_bss.o)
                              main.o (__do_clear_bss)
c:/winavr-20100110/bin/../lib/gcc/avr/4.3.3/../../../../avr/lib/avr5\libc.a(strncpy.o)
                              menu.o (strncpy)

Allocating common symbols
Common symbol       size              file

lcd1                0x4               main.o
menus               0x3d9             menu.o
currentMenu         0x2               main.o
mainMenu            0xc5              main.o
menu1               0xc5              main.o
menu4               0xc5              main.o
menu2               0xc5              main.o
menu3               0xc5              main.o

Memory Configuration

Name             Origin             Length             Attributes
text             0x00000000         0x00020000         xr
data             0x00800060         0x0000ffa0         rw !x
eeprom           0x00810000         0x00010000         rw !x
fuse             0x00820000         0x00000400         rw !x
lock             0x00830000         0x00000400         rw !x
signature        0x00840000         0x00000400         rw !x
*default*        0x00000000         0xffffffff

Linker script and memory map

LOAD c:/winavr-20100110/bin/../lib/gcc/avr/4.3.3/../../../../avr/lib/avr5/crtm32.o
LOAD main.o
LOAD my_keyboard_lib.o
LOAD lcd_lib.o
LOAD menu.o
LOAD menu2.o
LOAD c:/winavr-20100110/bin/../lib/gcc/avr/4.3.3/avr5\libgcc.a
LOAD c:/winavr-20100110/bin/../lib/gcc/avr/4.3.3/../../../../avr/lib/avr5\libc.a
LOAD c:/winavr-20100110/bin/../lib/gcc/avr/4.3.3/avr5\libgcc.a

.hash
 *(.hash)

.dynsym
 *(.dynsym)

.dynstr
 *(.dynstr)

.gnu.version
 *(.gnu.version)

.gnu.version_d
 *(.gnu.version_d)

.gnu.version_r
 *(.gnu.version_r)

.rel.init
 *(.rel.init)

.rela.init
 *(.rela.init)

.rel.text
 *(.rel.text)
 *(.rel.text.*)
 *(.rel.gnu.linkonce.t*)

.rela.text
 *(.rela.text)
 *(.rela.text.*)
 *(.rela.gnu.linkonce.t*)

.rel.fini
 *(.rel.fini)

.rela.fini
 *(.rela.fini)

.rel.rodata
 *(.rel.rodata)
 *(.rel.rodata.*)
 *(.rel.gnu.linkonce.r*)

.rela.rodata
 *(.rela.rodata)
 *(.rela.rodata.*)
 *(.rela.gnu.linkonce.r*)

.rel.data
 *(.rel.data)
 *(.rel.data.*)
 *(.rel.gnu.linkonce.d*)

.rela.data
 *(.rela.data)
 *(.rela.data.*)
 *(.rela.gnu.linkonce.d*)

.rel.ctors
 *(.rel.ctors)

.rela.ctors
 *(.rela.ctors)

.rel.dtors
 *(.rel.dtors)

.rela.dtors
 *(.rela.dtors)

.rel.got
 *(.rel.got)

.rela.got
 *(.rela.got)

.rel.bss
 *(.rel.bss)

.rela.bss
 *(.rela.bss)

.rel.plt
 *(.rel.plt)

.rela.plt
 *(.rela.plt)

.text           0x00000000      0xbc2
 *(.vectors)
 .vectors       0x00000000       0x54 c:/winavr-20100110/bin/../lib/gcc/avr/4.3.3/../../../../avr/lib/avr5/crtm32.o
                0x00000000                __vectors
                0x00000000                __vector_default
 *(.vectors)
 *(.progmem.gcc*)
 *(.progmem*)
 .progmem.data  0x00000054       0x15 my_keyboard_lib.o
                0x00000058                tab
                0x00000054                kolumny
                0x0000006a                . = ALIGN (0x2)
 *fill*         0x00000069        0x1 00
                0x0000006a                __trampolines_start = .
 *(.trampolines)
 .trampolines   0x0000006a        0x0 linker stubs
 *(.trampolines*)
                0x0000006a                __trampolines_end = .
 *(.jumptables)
 *(.jumptables*)
 *(.lowtext)
 *(.lowtext*)
                0x0000006a                __ctors_start = .
 *(.ctors)
                0x0000006a                __ctors_end = .
                0x0000006a                __dtors_start = .
 *(.dtors)
                0x0000006a                __dtors_end = .
 SORT(*)(.ctors)
 SORT(*)(.dtors)
 *(.init0)
 .init0         0x0000006a        0x0 c:/winavr-20100110/bin/../lib/gcc/avr/4.3.3/../../../../avr/lib/avr5/crtm32.o
                0x0000006a                __init
 *(.init0)
 *(.init1)
 *(.init1)
 *(.init2)
 .init2         0x0000006a        0xc c:/winavr-20100110/bin/../lib/gcc/avr/4.3.3/../../../../avr/lib/avr5/crtm32.o
 *(.init2)
 *(.init3)
 *(.init3)
 *(.init4)
 .init4         0x00000076       0x16 c:/winavr-20100110/bin/../lib/gcc/avr/4.3.3/avr5\libgcc.a(_copy_data.o)
                0x00000076                __do_copy_data
 .init4         0x0000008c       0x10 c:/winavr-20100110/bin/../lib/gcc/avr/4.3.3/avr5\libgcc.a(_clear_bss.o)
                0x0000008c                __do_clear_bss
 *(.init4)
 *(.init5)
 *(.init5)
 *(.init6)
 *(.init6)
 *(.init7)
 *(.init7)
 *(.init8)
 *(.init8)
 *(.init9)
 .init9         0x0000009c        0x8 c:/winavr-20100110/bin/../lib/gcc/avr/4.3.3/../../../../avr/lib/avr5/crtm32.o
 *(.init9)
 *(.text)
 .text          0x000000a4        0x4 c:/winavr-20100110/bin/../lib/gcc/avr/4.3.3/../../../../avr/lib/avr5/crtm32.o
                0x000000a4                __vector_1
                0x000000a4                __vector_12
                0x000000a4                __bad_interrupt
                0x000000a4                __vector_6
                0x000000a4                __vector_3
                0x000000a4                __vector_11
                0x000000a4                __vector_13
                0x000000a4                __vector_17
                0x000000a4                __vector_19
                0x000000a4                __vector_7
                0x000000a4                __vector_5
                0x000000a4                __vector_4
                0x000000a4                __vector_9
                0x000000a4                __vector_2
                0x000000a4                __vector_15
                0x000000a4                __vector_8
                0x000000a4                __vector_14
                0x000000a4                __vector_10
                0x000000a4                __vector_16
                0x000000a4                __vector_18
                0x000000a4                __vector_20
 .text          0x000000a8      0x2f4 main.o
                0x000000fa                goToMenu1
                0x0000010a                setupMenus
                0x000000ba                goToMainMenu
                0x000000ea                goToMenu2
                0x0000026a                main
                0x000000ca                goToMenu4
                0x000000a8                option2_action
                0x000000da                goToMenu3
                0x000000aa                option1_action
 .text          0x0000039c      0x188 my_keyboard_lib.o
                0x00000432                translate
                0x00000404                getPin
                0x000003dc                setPort
                0x00000464                get_key
                0x0000039c                set_DDR
 .text          0x00000524      0x21c lcd_lib.o
                0x000006ba                LCD_clear
                0x00000584                LCD_send4BitCommand
                0x000005fa                LCD_sendInstruction
                0x000005bc                LCD_writeCharacter
                0x0000064c                LCD_clearFromPoint
                0x000006ca                LCD_init
                0x00000672                LCD_writeText
                0x00000524                setDDR
                0x00000638                LCD_setCoursor
 .text          0x00000740      0x206 menu.o
                0x0000089e                menu_prevItem
                0x00000830                menu_goto
                0x0000077c                menu_display
                0x00000740                menu_init
                0x0000085c                menu_selectItem
                0x00000848                menu_return
                0x000008e2                menu_addItem
                0x000008b4                menu_nextItem
 .text          0x00000946      0x25a menu2.o
                0x000009a6                moveToParent
                0x00000986                moveToChild
                0x00000946                moveNext
                0x00000966                movePrev
                0x000009c6                initMenu
 .text          0x00000ba0        0x0 c:/winavr-20100110/bin/../lib/gcc/avr/4.3.3/avr5\libgcc.a(_exit.o)
 .text          0x00000ba0        0x0 c:/winavr-20100110/bin/../lib/gcc/avr/4.3.3/avr5\libgcc.a(_copy_data.o)
 .text          0x00000ba0        0x0 c:/winavr-20100110/bin/../lib/gcc/avr/4.3.3/avr5\libgcc.a(_clear_bss.o)
 .text          0x00000ba0        0x0 c:/winavr-20100110/bin/../lib/gcc/avr/4.3.3/../../../../avr/lib/avr5\libc.a(strncpy.o)
                0x00000ba0                . = ALIGN (0x2)
 *(.text.*)
 .text.libgcc   0x00000ba0        0x0 c:/winavr-20100110/bin/../lib/gcc/avr/4.3.3/avr5\libgcc.a(_exit.o)
 .text.libgcc   0x00000ba0        0x0 c:/winavr-20100110/bin/../lib/gcc/avr/4.3.3/avr5\libgcc.a(_copy_data.o)
 .text.libgcc   0x00000ba0        0x0 c:/winavr-20100110/bin/../lib/gcc/avr/4.3.3/avr5\libgcc.a(_clear_bss.o)
 .text.avr-libc
                0x00000ba0       0x1e c:/winavr-20100110/bin/../lib/gcc/avr/4.3.3/../../../../avr/lib/avr5\libc.a(strncpy.o)
                0x00000ba0                strncpy
                0x00000bbe                . = ALIGN (0x2)
 *(.fini9)
 .fini9         0x00000bbe        0x0 c:/winavr-20100110/bin/../lib/gcc/avr/4.3.3/avr5\libgcc.a(_exit.o)
                0x00000bbe                exit
                0x00000bbe                _exit
 *(.fini9)
 *(.fini8)
 *(.fini8)
 *(.fini7)
 *(.fini7)
 *(.fini6)
 *(.fini6)
 *(.fini5)
 *(.fini5)
 *(.fini4)
 *(.fini4)
 *(.fini3)
 *(.fini3)
 *(.fini2)
 *(.fini2)
 *(.fini1)
 *(.fini1)
 *(.fini0)
 .fini0         0x00000bbe        0x4 c:/winavr-20100110/bin/../lib/gcc/avr/4.3.3/avr5\libgcc.a(_exit.o)
 *(.fini0)
                0x00000bc2                _etext = .

.data           0x00800060       0x7a load address 0x00000bc2
                0x00800060                PROVIDE (__data_start, .)
 *(.data)
 .data          0x00800060        0x0 c:/winavr-20100110/bin/../lib/gcc/avr/4.3.3/../../../../avr/lib/avr5/crtm32.o
 .data          0x00800060       0x40 main.o
 .data          0x008000a0        0x0 my_keyboard_lib.o
 .data          0x008000a0        0x0 lcd_lib.o
 .data          0x008000a0        0x0 menu.o
 .data          0x008000a0       0x39 menu2.o
 .data          0x008000d9        0x0 c:/winavr-20100110/bin/../lib/gcc/avr/4.3.3/avr5\libgcc.a(_exit.o)
 .data          0x008000d9        0x0 c:/winavr-20100110/bin/../lib/gcc/avr/4.3.3/avr5\libgcc.a(_copy_data.o)
 .data          0x008000d9        0x0 c:/winavr-20100110/bin/../lib/gcc/avr/4.3.3/avr5\libgcc.a(_clear_bss.o)
 .data          0x008000d9        0x0 c:/winavr-20100110/bin/../lib/gcc/avr/4.3.3/../../../../avr/lib/avr5\libc.a(strncpy.o)
 *(.data*)
 *(.rodata)
 *(.rodata*)
 *(.gnu.linkonce.d*)
                0x008000da                . = ALIGN (0x2)
 *fill*         0x008000d9        0x1 00
                0x008000da                _edata = .
                0x008000da                PROVIDE (__data_end, .)

.bss            0x008000da      0x81a
                0x008000da                PROVIDE (__bss_start, .)
 *(.bss)
 .bss           0x008000da        0x0 c:/winavr-20100110/bin/../lib/gcc/avr/4.3.3/../../../../avr/lib/avr5/crtm32.o
 .bss           0x008000da        0x0 main.o
 .bss           0x008000da        0x0 my_keyboard_lib.o
 .bss           0x008000da        0x0 lcd_lib.o
 .bss           0x008000da        0x0 menu.o
 .bss           0x008000da       0x62 menu2.o
 .bss           0x0080013c        0x0 c:/winavr-20100110/bin/../lib/gcc/avr/4.3.3/avr5\libgcc.a(_exit.o)
 .bss           0x0080013c        0x0 c:/winavr-20100110/bin/../lib/gcc/avr/4.3.3/avr5\libgcc.a(_copy_data.o)
 .bss           0x0080013c        0x0 c:/winavr-20100110/bin/../lib/gcc/avr/4.3.3/avr5\libgcc.a(_clear_bss.o)
 .bss           0x0080013c        0x0 c:/winavr-20100110/bin/../lib/gcc/avr/4.3.3/../../../../avr/lib/avr5\libc.a(strncpy.o)
 *(.bss*)
 *(COMMON)
 COMMON         0x0080013c      0x3df main.o
                0x0080013c                lcd1
                0x00800140                currentMenu
                0x00800142                mainMenu
                0x00800207                menu1
                0x008002cc                menu4
                0x00800391                menu2
                0x00800456                menu3
 COMMON         0x0080051b      0x3d9 menu.o
                0x0080051b                menus
                0x008008f4                PROVIDE (__bss_end, .)
                0x00000bc2                __data_load_start = LOADADDR (.data)
                0x00000c3c                __data_load_end = (__data_load_start + SIZEOF (.data))

.noinit         0x008008f4        0x0
                0x008008f4                PROVIDE (__noinit_start, .)
 *(.noinit*)
                0x008008f4                PROVIDE (__noinit_end, .)
                0x008008f4                _end = .
                0x008008f4                PROVIDE (__heap_start, .)

.eeprom         0x00810000        0x0
 *(.eeprom*)
                0x00810000                __eeprom_end = .

.fuse
 *(.fuse)
 *(.lfuse)
 *(.hfuse)
 *(.efuse)

.lock
 *(.lock*)

.signature
 *(.signature*)

.stab
 *(.stab)

.stabstr
 *(.stabstr)

.stab.excl
 *(.stab.excl)

.stab.exclstr
 *(.stab.exclstr)

.stab.index
 *(.stab.index)

.stab.indexstr
 *(.stab.indexstr)

.comment
 *(.comment)

.debug
 *(.debug)

.line
 *(.line)

.debug_srcinfo
 *(.debug_srcinfo)

.debug_sfnames
 *(.debug_sfnames)

.debug_aranges  0x00000000       0xa0
 *(.debug_aranges)
 .debug_aranges
                0x00000000       0x20 main.o
 .debug_aranges
                0x00000020       0x20 my_keyboard_lib.o
 .debug_aranges
                0x00000040       0x20 lcd_lib.o
 .debug_aranges
                0x00000060       0x20 menu.o
 .debug_aranges
                0x00000080       0x20 menu2.o

.debug_pubnames
                0x00000000      0x301
 *(.debug_pubnames)
 .debug_pubnames
                0x00000000       0xe7 main.o
 .debug_pubnames
                0x000000e7       0x63 my_keyboard_lib.o
 .debug_pubnames
                0x0000014a       0xbb lcd_lib.o
 .debug_pubnames
                0x00000205       0xa2 menu.o
 .debug_pubnames
                0x000002a7       0x5a menu2.o

.debug_info     0x00000000     0x11a5
 *(.debug_info)
 .debug_info    0x00000000      0x352 main.o
 .debug_info    0x00000352      0x2fc my_keyboard_lib.o
 .debug_info    0x0000064e      0x572 lcd_lib.o
 .debug_info    0x00000bc0      0x38c menu.o
 .debug_info    0x00000f4c      0x259 menu2.o
 *(.gnu.linkonce.wi.*)

.debug_abbrev   0x00000000      0x635
 *(.debug_abbrev)
 .debug_abbrev  0x00000000      0x15e main.o
 .debug_abbrev  0x0000015e      0x164 my_keyboard_lib.o
 .debug_abbrev  0x000002c2      0x16c lcd_lib.o
 .debug_abbrev  0x0000042e      0x14b menu.o
 .debug_abbrev  0x00000579       0xbc menu2.o

.debug_line     0x00000000      0xcde
 *(.debug_line)
 .debug_line    0x00000000      0x2ca main.o
 .debug_line    0x000002ca      0x264 my_keyboard_lib.o
 .debug_line    0x0000052e      0x308 lcd_lib.o
 .debug_line    0x00000836      0x211 menu.o
 .debug_line    0x00000a47      0x297 menu2.o

.debug_frame    0x00000000      0x290
 *(.debug_frame)
 .debug_frame   0x00000000       0xa0 main.o
 .debug_frame   0x000000a0       0x60 my_keyboard_lib.o
 .debug_frame   0x00000100       0xa0 lcd_lib.o
 .debug_frame   0x000001a0       0x90 menu.o
 .debug_frame   0x00000230       0x60 menu2.o

.debug_str      0x00000000      0x44b
 *(.debug_str)
 .debug_str     0x00000000      0x156 main.o
                                0x1a0 (size before relaxing)
 .debug_str     0x00000156       0xd9 my_keyboard_lib.o
                                0x185 (size before relaxing)
 .debug_str     0x0000022f       0xbf lcd_lib.o
                                0x1b1 (size before relaxing)
 .debug_str     0x000002ee       0x8e menu.o
                                0x18c (size before relaxing)
 .debug_str     0x0000037c       0xcf menu2.o
                                0x16c (size before relaxing)

.debug_loc      0x00000000      0x8d6
 *(.debug_loc)
 .debug_loc     0x00000000       0xc8 main.o
 .debug_loc     0x000000c8      0x201 my_keyboard_lib.o
 .debug_loc     0x000002c9      0x2d0 lcd_lib.o
 .debug_loc     0x00000599      0x275 menu.o
 .debug_loc     0x0000080e       0xc8 menu2.o

.debug_macinfo
 *(.debug_macinfo)
OUTPUT(App1.elf elf32-avr)
LOAD linker stubs

.debug_ranges   0x00000000       0x48
 .debug_ranges  0x00000000       0x48 my_keyboard_lib.o
